Archive member included to satisfy reference by file (symbol)

c:/st/stm32cubeide_1.3.0/stm32cubeide/plugins/com.st.stm32cube.ide.mcu.externaltools.gnu-tools-for-stm32.7-2018-q2-update.win32_1.0.0.201904181610/tools/bin/../lib/gcc/arm-none-eabi/7.3.1/../../../../arm-none-eabi/lib/thumb/v7e-m/fpv4-sp/hard\libc_nano.a(lib_a-errno.o)
                              Core/Src/syscalls.o (__errno)
c:/st/stm32cubeide_1.3.0/stm32cubeide/plugins/com.st.stm32cube.ide.mcu.externaltools.gnu-tools-for-stm32.7-2018-q2-update.win32_1.0.0.201904181610/tools/bin/../lib/gcc/arm-none-eabi/7.3.1/../../../../arm-none-eabi/lib/thumb/v7e-m/fpv4-sp/hard\libc_nano.a(lib_a-exit.o)
                              c:/st/stm32cubeide_1.3.0/stm32cubeide/plugins/com.st.stm32cube.ide.mcu.externaltools.gnu-tools-for-stm32.7-2018-q2-update.win32_1.0.0.201904181610/tools/bin/../lib/gcc/arm-none-eabi/7.3.1/../../../../arm-none-eabi/lib/thumb/v7e-m/fpv4-sp/hard/crt0.o (exit)
c:/st/stm32cubeide_1.3.0/stm32cubeide/plugins/com.st.stm32cube.ide.mcu.externaltools.gnu-tools-for-stm32.7-2018-q2-update.win32_1.0.0.201904181610/tools/bin/../lib/gcc/arm-none-eabi/7.3.1/../../../../arm-none-eabi/lib/thumb/v7e-m/fpv4-sp/hard\libc_nano.a(lib_a-impure.o)
                              c:/st/stm32cubeide_1.3.0/stm32cubeide/plugins/com.st.stm32cube.ide.mcu.externaltools.gnu-tools-for-stm32.7-2018-q2-update.win32_1.0.0.201904181610/tools/bin/../lib/gcc/arm-none-eabi/7.3.1/../../../../arm-none-eabi/lib/thumb/v7e-m/fpv4-sp/hard\libc_nano.a(lib_a-exit.o) (_global_impure_ptr)
c:/st/stm32cubeide_1.3.0/stm32cubeide/plugins/com.st.stm32cube.ide.mcu.externaltools.gnu-tools-for-stm32.7-2018-q2-update.win32_1.0.0.201904181610/tools/bin/../lib/gcc/arm-none-eabi/7.3.1/../../../../arm-none-eabi/lib/thumb/v7e-m/fpv4-sp/hard\libc_nano.a(lib_a-init.o)
                              c:/st/stm32cubeide_1.3.0/stm32cubeide/plugins/com.st.stm32cube.ide.mcu.externaltools.gnu-tools-for-stm32.7-2018-q2-update.win32_1.0.0.201904181610/tools/bin/../lib/gcc/arm-none-eabi/7.3.1/../../../../arm-none-eabi/lib/thumb/v7e-m/fpv4-sp/hard/crt0.o (__libc_init_array)
c:/st/stm32cubeide_1.3.0/stm32cubeide/plugins/com.st.stm32cube.ide.mcu.externaltools.gnu-tools-for-stm32.7-2018-q2-update.win32_1.0.0.201904181610/tools/bin/../lib/gcc/arm-none-eabi/7.3.1/../../../../arm-none-eabi/lib/thumb/v7e-m/fpv4-sp/hard\libc_nano.a(lib_a-memset.o)
                              c:/st/stm32cubeide_1.3.0/stm32cubeide/plugins/com.st.stm32cube.ide.mcu.externaltools.gnu-tools-for-stm32.7-2018-q2-update.win32_1.0.0.201904181610/tools/bin/../lib/gcc/arm-none-eabi/7.3.1/../../../../arm-none-eabi/lib/thumb/v7e-m/fpv4-sp/hard/crt0.o (memset)
c:/st/stm32cubeide_1.3.0/stm32cubeide/plugins/com.st.stm32cube.ide.mcu.externaltools.gnu-tools-for-stm32.7-2018-q2-update.win32_1.0.0.201904181610/tools/bin/../lib/gcc/arm-none-eabi/7.3.1/thumb/v7e-m/fpv4-sp/hard\libgcc.a(_aeabi_uldivmod.o)
                              Drivers/STM32L4xx_HAL_Driver/Src/stm32l4xx_hal_uart.o (__aeabi_uldivmod)
c:/st/stm32cubeide_1.3.0/stm32cubeide/plugins/com.st.stm32cube.ide.mcu.externaltools.gnu-tools-for-stm32.7-2018-q2-update.win32_1.0.0.201904181610/tools/bin/../lib/gcc/arm-none-eabi/7.3.1/thumb/v7e-m/fpv4-sp/hard\libgcc.a(_udivmoddi4.o)
                              c:/st/stm32cubeide_1.3.0/stm32cubeide/plugins/com.st.stm32cube.ide.mcu.externaltools.gnu-tools-for-stm32.7-2018-q2-update.win32_1.0.0.201904181610/tools/bin/../lib/gcc/arm-none-eabi/7.3.1/thumb/v7e-m/fpv4-sp/hard\libgcc.a(_aeabi_uldivmod.o) (__udivmoddi4)
c:/st/stm32cubeide_1.3.0/stm32cubeide/plugins/com.st.stm32cube.ide.mcu.externaltools.gnu-tools-for-stm32.7-2018-q2-update.win32_1.0.0.201904181610/tools/bin/../lib/gcc/arm-none-eabi/7.3.1/thumb/v7e-m/fpv4-sp/hard\libgcc.a(_dvmd_tls.o)
                              c:/st/stm32cubeide_1.3.0/stm32cubeide/plugins/com.st.stm32cube.ide.mcu.externaltools.gnu-tools-for-stm32.7-2018-q2-update.win32_1.0.0.201904181610/tools/bin/../lib/gcc/arm-none-eabi/7.3.1/thumb/v7e-m/fpv4-sp/hard\libgcc.a(_aeabi_uldivmod.o) (__aeabi_ldiv0)

Allocating common symbols
Common symbol       size              file

hi2c1               0x4c              Core/Src/main.o
hpcd_USB_OTG_FS     0x408             Core/Src/main.o
uwTick              0x4               Drivers/STM32L4xx_HAL_Driver/Src/stm32l4xx_hal.o
hlpuart1            0x8c              Core/Src/main.o
huart1              0x8c              Core/Src/main.o

Discarded input sections

 .text          0x0000000000000000        0x0 c:/st/stm32cubeide_1.3.0/stm32cubeide/plugins/com.st.stm32cube.ide.mcu.externaltools.gnu-tools-for-stm32.7-2018-q2-update.win32_1.0.0.201904181610/tools/bin/../lib/gcc/arm-none-eabi/7.3.1/thumb/v7e-m/fpv4-sp/hard/crti.o
 .data          0x0000000000000000        0x0 c:/st/stm32cubeide_1.3.0/stm32cubeide/plugins/com.st.stm32cube.ide.mcu.externaltools.gnu-tools-for-stm32.7-2018-q2-update.win32_1.0.0.201904181610/tools/bin/../lib/gcc/arm-none-eabi/7.3.1/thumb/v7e-m/fpv4-sp/hard/crti.o
[...]
Memory Configuration

Name             Origin             Length             Attributes
RAM              0x0000000020000000 0x0000000000050000 xrw
FLASH            0x0000000008000000 0x0000000000100000 xr
*default*        0x0000000000000000 0xffffffffffffffff

Linker script and memory map

LOAD c:/st/stm32cubeide_1.3.0/stm32cubeide/plugins/com.st.stm32cube.ide.mcu.externaltools.gnu-tools-for-stm32.7-2018-q2-update.win32_1.0.0.201904181610/tools/bin/../lib/gcc/arm-none-eabi/7.3.1/thumb/v7e-m/fpv4-sp/hard/crti.o
LOAD c:/st/stm32cubeide_1.3.0/stm32cubeide/plugins/com.st.stm32cube.ide.mcu.externaltools.gnu-tools-for-stm32.7-2018-q2-update.win32_1.0.0.201904181610/tools/bin/../lib/gcc/arm-none-eabi/7.3.1/thumb/v7e-m/fpv4-sp/hard/crtbegin.o
LOAD c:/st/stm32cubeide_1.3.0/stm32cubeide/plugins/com.st.stm32cube.ide.mcu.externaltools.gnu-tools-for-stm32.7-2018-q2-update.win32_1.0.0.201904181610/tools/bin/../lib/gcc/arm-none-eabi/7.3.1/../../../../arm-none-eabi/lib/thumb/v7e-m/fpv4-sp/hard/crt0.o
LOAD Core/Src/main.o
LOAD Core/Src/oled.o
LOAD Core/Src/stm32l4xx_hal_msp.o
LOAD Core/Src/stm32l4xx_it.o
LOAD Core/Src/syscalls.o
LOAD Core/Src/sysmem.o
LOAD Core/Src/system_stm32l4xx.o
LOAD Core/Startup/startup_stm32l4p5zgtx.o
LOAD Drivers/STM32L4xx_HAL_Driver/Src/stm32l4xx_hal.o
LOAD Drivers/STM32L4xx_HAL_Driver/Src/stm32l4xx_hal_cortex.o
LOAD Drivers/STM32L4xx_HAL_Driver/Src/stm32l4xx_hal_dma.o
LOAD Drivers/STM32L4xx_HAL_Driver/Src/stm32l4xx_hal_dma_ex.o
LOAD Drivers/STM32L4xx_HAL_Driver/Src/stm32l4xx_hal_exti.o
LOAD Drivers/STM32L4xx_HAL_Driver/Src/stm32l4xx_hal_flash.o
LOAD Drivers/STM32L4xx_HAL_Driver/Src/stm32l4xx_hal_flash_ex.o
LOAD Drivers/STM32L4xx_HAL_Driver/Src/stm32l4xx_hal_flash_ramfunc.o
LOAD Drivers/STM32L4xx_HAL_Driver/Src/stm32l4xx_hal_gpio.o
LOAD Drivers/STM32L4xx_HAL_Driver/Src/stm32l4xx_hal_i2c.o
LOAD Drivers/STM32L4xx_HAL_Driver/Src/stm32l4xx_hal_i2c_ex.o
LOAD Drivers/STM32L4xx_HAL_Driver/Src/stm32l4xx_hal_pcd.o
LOAD Drivers/STM32L4xx_HAL_Driver/Src/stm32l4xx_hal_pcd_ex.o
LOAD Drivers/STM32L4xx_HAL_Driver/Src/stm32l4xx_hal_pwr.o
LOAD Drivers/STM32L4xx_HAL_Driver/Src/stm32l4xx_hal_pwr_ex.o
LOAD Drivers/STM32L4xx_HAL_Driver/Src/stm32l4xx_hal_rcc.o
LOAD Drivers/STM32L4xx_HAL_Driver/Src/stm32l4xx_hal_rcc_ex.o
LOAD Drivers/STM32L4xx_HAL_Driver/Src/stm32l4xx_hal_tim.o
LOAD Drivers/STM32L4xx_HAL_Driver/Src/stm32l4xx_hal_tim_ex.o
LOAD Drivers/STM32L4xx_HAL_Driver/Src/stm32l4xx_hal_uart.o
LOAD Drivers/STM32L4xx_HAL_Driver/Src/stm32l4xx_hal_uart_ex.o
LOAD Drivers/STM32L4xx_HAL_Driver/Src/stm32l4xx_ll_usb.o
START GROUP
LOAD c:/st/stm32cubeide_1.3.0/stm32cubeide/plugins/com.st.stm32cube.ide.mcu.externaltools.gnu-tools-for-stm32.7-2018-q2-update.win32_1.0.0.201904181610/tools/bin/../lib/gcc/arm-none-eabi/7.3.1/../../../../arm-none-eabi/lib/thumb/v7e-m/fpv4-sp/hard\libc_nano.a
LOAD c:/st/stm32cubeide_1.3.0/stm32cubeide/plugins/com.st.stm32cube.ide.mcu.externaltools.gnu-tools-for-stm32.7-2018-q2-update.win32_1.0.0.201904181610/tools/bin/../lib/gcc/arm-none-eabi/7.3.1/../../../../arm-none-eabi/lib/thumb/v7e-m/fpv4-sp/hard\libm.a
END GROUP
START GROUP
LOAD c:/st/stm32cubeide_1.3.0/stm32cubeide/plugins/com.st.stm32cube.ide.mcu.externaltools.gnu-tools-for-stm32.7-2018-q2-update.win32_1.0.0.201904181610/tools/bin/../lib/gcc/arm-none-eabi/7.3.1/thumb/v7e-m/fpv4-sp/hard\libgcc.a
LOAD c:/st/stm32cubeide_1.3.0/stm32cubeide/plugins/com.st.stm32cube.ide.mcu.externaltools.gnu-tools-for-stm32.7-2018-q2-update.win32_1.0.0.201904181610/tools/bin/../lib/gcc/arm-none-eabi/7.3.1/../../../../arm-none-eabi/lib/thumb/v7e-m/fpv4-sp/hard\libc_nano.a
END GROUP
START GROUP
LOAD c:/st/stm32cubeide_1.3.0/stm32cubeide/plugins/com.st.stm32cube.ide.mcu.externaltools.gnu-tools-for-stm32.7-2018-q2-update.win32_1.0.0.201904181610/tools/bin/../lib/gcc/arm-none-eabi/7.3.1/thumb/v7e-m/fpv4-sp/hard\libgcc.a
LOAD c:/st/stm32cubeide_1.3.0/stm32cubeide/plugins/com.st.stm32cube.ide.mcu.externaltools.gnu-tools-for-stm32.7-2018-q2-update.win32_1.0.0.201904181610/tools/bin/../lib/gcc/arm-none-eabi/7.3.1/../../../../arm-none-eabi/lib/thumb/v7e-m/fpv4-sp/hard\libc_nano.a
LOAD c:/st/stm32cubeide_1.3.0/stm32cubeide/plugins/com.st.stm32cube.ide.mcu.externaltools.gnu-tools-for-stm32.7-2018-q2-update.win32_1.0.0.201904181610/tools/bin/../lib/gcc/arm-none-eabi/7.3.1/../../../../arm-none-eabi/lib/thumb/v7e-m/fpv4-sp/hard\libnosys.a
END GROUP
START GROUP
LOAD c:/st/stm32cubeide_1.3.0/stm32cubeide/plugins/com.st.stm32cube.ide.mcu.externaltools.gnu-tools-for-stm32.7-2018-q2-update.win32_1.0.0.201904181610/tools/bin/../lib/gcc/arm-none-eabi/7.3.1/thumb/v7e-m/fpv4-sp/hard\libgcc.a
LOAD c:/st/stm32cubeide_1.3.0/stm32cubeide/plugins/com.st.stm32cube.ide.mcu.externaltools.gnu-tools-for-stm32.7-2018-q2-update.win32_1.0.0.201904181610/tools/bin/../lib/gcc/arm-none-eabi/7.3.1/../../../../arm-none-eabi/lib/thumb/v7e-m/fpv4-sp/hard\libc_nano.a
LOAD c:/st/stm32cubeide_1.3.0/stm32cubeide/plugins/com.st.stm32cube.ide.mcu.externaltools.gnu-tools-for-stm32.7-2018-q2-update.win32_1.0.0.201904181610/tools/bin/../lib/gcc/arm-none-eabi/7.3.1/../../../../arm-none-eabi/lib/thumb/v7e-m/fpv4-sp/hard\libnosys.a
END GROUP
LOAD c:/st/stm32cubeide_1.3.0/stm32cubeide/plugins/com.st.stm32cube.ide.mcu.externaltools.gnu-tools-for-stm32.7-2018-q2-update.win32_1.0.0.201904181610/tools/bin/../lib/gcc/arm-none-eabi/7.3.1/thumb/v7e-m/fpv4-sp/hard/crtend.o
LOAD c:/st/stm32cubeide_1.3.0/stm32cubeide/plugins/com.st.stm32cube.ide.mcu.externaltools.gnu-tools-for-stm32.7-2018-q2-update.win32_1.0.0.201904181610/tools/bin/../lib/gcc/arm-none-eabi/7.3.1/thumb/v7e-m/fpv4-sp/hard/crtn.o
                0x0000000020050000                _estack = (ORIGIN (RAM) + LENGTH (RAM))
                0x0000000000000200                _Min_Heap_Size = 0x200
                0x0000000000000400                _Min_Stack_Size = 0x400

.isr_vector     0x0000000008000000      0x1bc
                0x0000000008000000                . = ALIGN (0x4)
 *(.isr_vector)
 .isr_vector    0x0000000008000000      0x1bc Core/Startup/startup_stm32l4p5zgtx.o
                0x0000000008000000                g_pfnVectors
                0x00000000080001bc                . = ALIGN (0x4)

.text           0x00000000080001c0     0x5acc
                0x00000000080001c0                . = ALIGN (0x4)
 *(.text)
 .text          0x00000000080001c0       0x40 c:/st/stm32cubeide_1.3.0/stm32cubeide/plugins/com.st.stm32cube.ide.mcu.externaltools.gnu-tools-for-stm32.7-2018-q2-update.win32_1.0.0.201904181610/tools/bin/../lib/gcc/arm-none-eabi/7.3.1/thumb/v7e-m/fpv4-sp/hard/crtbegin.o
 .text          0x0000000008000200       0x30 c:/st/stm32cubeide_1.3.0/stm32cubeide/plugins/com.st.stm32cube.ide.mcu.externaltools.gnu-tools-for-stm32.7-2018-q2-update.win32_1.0.0.201904181610/tools/bin/../lib/gcc/arm-none-eabi/7.3.1/thumb/v7e-m/fpv4-sp/hard\libgcc.a(_aeabi_uldivmod.o)
                0x0000000008000200                __aeabi_uldivmod
 .text          0x0000000008000230      0x2cc c:/st/stm32cubeide_1.3.0/stm32cubeide/plugins/com.st.stm32cube.ide.mcu.externaltools.gnu-tools-for-stm32.7-2018-q2-update.win32_1.0.0.201904181610/tools/bin/../lib/gcc/arm-none-eabi/7.3.1/thumb/v7e-m/fpv4-sp/hard\libgcc.a(_udivmoddi4.o)
                0x0000000008000230                __udivmoddi4
 .text          0x00000000080004fc        0x4 c:/st/stm32cubeide_1.3.0/stm32cubeide/plugins/com.st.stm32cube.ide.mcu.externaltools.gnu-tools-for-stm32.7-2018-q2-update.win32_1.0.0.201904181610/tools/bin/../lib/gcc/arm-none-eabi/7.3.1/thumb/v7e-m/fpv4-sp/hard\libgcc.a(_dvmd_tls.o)
                0x00000000080004fc                __aeabi_idiv0
                0x00000000080004fc                __aeabi_ldiv0
 *(.text*)
 .text.main     0x0000000008000500       0xdc Core/Src/main.o
                0x0000000008000500                main
 .text.SystemClock_Config
                0x00000000080005dc      0x13c Core/Src/main.o
                0x00000000080005dc                SystemClock_Config
 .text.MX_I2C1_Init
                0x0000000008000718       0x80 Core/Src/main.o
 .text.MX_LPUART1_UART_Init
                0x0000000008000798       0xa0 Core/Src/main.o
 .text.MX_USB_OTG_FS_PCD_Init
                0x0000000008000838       0x54 Core/Src/main.o
 .text.MX_GPIO_Init
                0x000000000800088c      0x130 Core/Src/main.o
 .text.Error_Handler
                0x00000000080009bc        0xe Core/Src/main.o
                0x00000000080009bc                Error_Handler
 *fill*         0x00000000080009ca        0x2 
 .text.OLED_init
                0x00000000080009cc       0x90 Core/Src/oled.o
                0x00000000080009cc                OLED_init
 .text.Clear_All_RAM
                0x0000000008000a5c       0x52 Core/Src/oled.o
                0x0000000008000a5c                Clear_All_RAM
 *fill*         0x0000000008000aae        0x2 
 .text.writeCommand
                0x0000000008000ab0       0x30 Core/Src/oled.o
                0x0000000008000ab0                writeCommand
 .text.writeData
                0x0000000008000ae0       0x30 Core/Src/oled.o
                0x0000000008000ae0                writeData
 .text.printGif
                0x0000000008000b10      0x198 Core/Src/oled.o
                0x0000000008000b10                printGif
 .text.printBitmap
                0x0000000008000ca8       0x7a Core/Src/oled.o
                0x0000000008000ca8                printBitmap
 *fill*         0x0000000008000d22        0x2 
 .text.HAL_MspInit
                0x0000000008000d24       0x48 Core/Src/stm32l4xx_hal_msp.o
                0x0000000008000d24                HAL_MspInit
 .text.HAL_I2C_MspInit
                0x0000000008000d6c       0x8c Core/Src/stm32l4xx_hal_msp.o
                0x0000000008000d6c                HAL_I2C_MspInit
 .text.HAL_UART_MspInit
                0x0000000008000df8       0x8c Core/Src/stm32l4xx_hal_msp.o
                0x0000000008000df8                HAL_UART_MspInit
 .text.HAL_PCD_MspInit
                0x0000000008000e84       0xd8 Core/Src/stm32l4xx_hal_msp.o
                0x0000000008000e84                HAL_PCD_MspInit
 .text.NMI_Handler
                0x0000000008000f5c        0xe Core/Src/stm32l4xx_it.o
                0x0000000008000f5c                NMI_Handler
 .text.HardFault_Handler
                0x0000000008000f6a        0x6 Core/Src/stm32l4xx_it.o
                0x0000000008000f6a                HardFault_Handler
 .text.MemManage_Handler
                0x0000000008000f70        0x6 Core/Src/stm32l4xx_it.o
                0x0000000008000f70                MemManage_Handler
 .text.BusFault_Handler
                0x0000000008000f76        0x6 Core/Src/stm32l4xx_it.o
                0x0000000008000f76                BusFault_Handler
 .text.UsageFault_Handler
                0x0000000008000f7c        0x6 Core/Src/stm32l4xx_it.o
                0x0000000008000f7c                UsageFault_Handler
 .text.SVC_Handler
                0x0000000008000f82        0xe Core/Src/stm32l4xx_it.o
                0x0000000008000f82                SVC_Handler
 .text.DebugMon_Handler
                0x0000000008000f90        0xe Core/Src/stm32l4xx_it.o
                0x0000000008000f90                DebugMon_Handler
 .text.PendSV_Handler
                0x0000000008000f9e        0xe Core/Src/stm32l4xx_it.o
                0x0000000008000f9e                PendSV_Handler
 .text.SysTick_Handler
                0x0000000008000fac        0xc Core/Src/stm32l4xx_it.o
                0x0000000008000fac                SysTick_Handler
 .text.SystemInit
                0x0000000008000fb8       0x6c Core/Src/system_stm32l4xx.o
                0x0000000008000fb8                SystemInit
 .text.Reset_Handler
                0x0000000008001024       0x50 Core/Startup/startup_stm32l4p5zgtx.o
                0x0000000008001024                Reset_Handler
 .text.Default_Handler
                0x0000000008001074        0x2 Core/Startup/startup_stm32l4p5zgtx.o
                0x0000000008001074                RTC_Alarm_IRQHandler
                0x0000000008001074                EXTI2_IRQHandler
                0x0000000008001074                TIM8_TRG_COM_IRQHandler
                0x0000000008001074                TIM8_CC_IRQHandler
                0x0000000008001074                TIM1_CC_IRQHandler
                0x0000000008001074                TSC_IRQHandler
                0x0000000008001074                TAMP_STAMP_IRQHandler
                0x0000000008001074                EXTI3_IRQHandler
                0x0000000008001074                LPTIM2_IRQHandler
                0x0000000008001074                DFSDM1_FLT1_IRQHandler
                0x0000000008001074                I2C3_ER_IRQHandler
                0x0000000008001074                EXTI0_IRQHandler
                0x0000000008001074                I2C2_EV_IRQHandler
                0x0000000008001074                CAN1_RX0_IRQHandler
                0x0000000008001074                FPU_IRQHandler
                0x0000000008001074                TIM1_UP_TIM16_IRQHandler
                0x0000000008001074                LTDC_ER_IRQHandler
                0x0000000008001074                ADC1_2_IRQHandler
                0x0000000008001074                SPI1_IRQHandler
                0x0000000008001074                OCTOSPI1_IRQHandler
                0x0000000008001074                TIM6_DAC_IRQHandler
                0x0000000008001074                TIM8_UP_IRQHandler
                0x0000000008001074                OCTOSPI2_IRQHandler
                0x0000000008001074                DMA2_Channel2_IRQHandler
                0x0000000008001074                DMA1_Channel4_IRQHandler
                0x0000000008001074                SAI2_IRQHandler
                0x0000000008001074                USART3_IRQHandler
                0x0000000008001074                DMA1_Channel7_IRQHandler
                0x0000000008001074                CAN1_RX1_IRQHandler
                0x0000000008001074                UART5_IRQHandler
                0x0000000008001074                TIM4_IRQHandler
                0x0000000008001074                DMA2_Channel1_IRQHandler
                0x0000000008001074                I2C1_EV_IRQHandler
                0x0000000008001074                DMAMUX1_OVR_IRQHandler
                0x0000000008001074                DMA1_Channel6_IRQHandler
                0x0000000008001074                UART4_IRQHandler
                0x0000000008001074                DMA2_Channel4_IRQHandler
                0x0000000008001074                TIM3_IRQHandler
                0x0000000008001074                RCC_IRQHandler
                0x0000000008001074                DMA1_Channel1_IRQHandler
                0x0000000008001074                Default_Handler
                0x0000000008001074                DMA2_Channel7_IRQHandler
                0x0000000008001074                EXTI15_10_IRQHandler
                0x0000000008001074                TIM7_IRQHandler
                0x0000000008001074                SDMMC1_IRQHandler
                0x0000000008001074                TIM5_IRQHandler
                0x0000000008001074                I2C3_EV_IRQHandler
                0x0000000008001074                EXTI9_5_IRQHandler
                0x0000000008001074                RTC_WKUP_IRQHandler
                0x0000000008001074                LTDC_IRQHandler
                0x0000000008001074                PVD_PVM_IRQHandler
                0x0000000008001074                SPI2_IRQHandler
                0x0000000008001074                CAN1_TX_IRQHandler
                0x0000000008001074                DMA2_Channel5_IRQHandler
                0x0000000008001074                DMA1_Channel5_IRQHandler
                0x0000000008001074                EXTI4_IRQHandler
                0x0000000008001074                RNG_IRQHandler
                0x0000000008001074                TIM1_TRG_COM_TIM17_IRQHandler
                0x0000000008001074                DMA1_Channel3_IRQHandler
                0x0000000008001074                COMP_IRQHandler
                0x0000000008001074                HASH_CRS_IRQHandler
                0x0000000008001074                WWDG_IRQHandler
                0x0000000008001074                I2C4_EV_IRQHandler
                0x0000000008001074                LPUART1_IRQHandler
                0x0000000008001074                DMA2_Channel6_IRQHandler
                0x0000000008001074                TIM2_IRQHandler
                0x0000000008001074                DMA2D_IRQHandler
                0x0000000008001074                EXTI1_IRQHandler
                0x0000000008001074                SDMMC2_IRQHandler
                0x0000000008001074                USART2_IRQHandler
                0x0000000008001074                DFSDM1_FLT0_IRQHandler
                0x0000000008001074                I2C2_ER_IRQHandler
                0x0000000008001074                DMA1_Channel2_IRQHandler
                0x0000000008001074                TIM8_BRK_IRQHandler
                0x0000000008001074                CAN1_SCE_IRQHandler
                0x0000000008001074                FLASH_IRQHandler
                0x0000000008001074                USART1_IRQHandler
                0x0000000008001074                OTG_FS_IRQHandler
                0x0000000008001074                SPI3_IRQHandler
                0x0000000008001074                I2C1_ER_IRQHandler
                0x0000000008001074                FMC_IRQHandler
                0x0000000008001074                LPTIM1_IRQHandler
                0x0000000008001074                DCMI_PSSI_IRQHandler
                0x0000000008001074                I2C4_ER_IRQHandler
                0x0000000008001074                SAI1_IRQHandler
                0x0000000008001074                DMA2_Channel3_IRQHandler
                0x0000000008001074                TIM1_BRK_TIM15_IRQHandler
 .text.HAL_Init
                0x0000000008001076       0x30 Drivers/STM32L4xx_HAL_Driver/Src/stm32l4xx_hal.o
                0x0000000008001076                HAL_Init
 *fill*         0x00000000080010a6        0x2 
 .text.HAL_InitTick
                0x00000000080010a8       0x74 Drivers/STM32L4xx_HAL_Driver/Src/stm32l4xx_hal.o
                0x00000000080010a8                HAL_InitTick
 .text.HAL_IncTick
                0x000000000800111c       0x24 Drivers/STM32L4xx_HAL_Driver/Src/stm32l4xx_hal.o
                0x000000000800111c                HAL_IncTick
 .text.HAL_GetTick
                0x0000000008001140       0x18 Drivers/STM32L4xx_HAL_Driver/Src/stm32l4xx_hal.o
                0x0000000008001140                HAL_GetTick
 .text.HAL_Delay
                0x0000000008001158       0x44 Drivers/STM32L4xx_HAL_Driver/Src/stm32l4xx_hal.o
                0x0000000008001158                HAL_Delay
 .text.__NVIC_SetPriorityGrouping
                0x000000000800119c       0x48 Drivers/STM32L4xx_HAL_Driver/Src/stm32l4xx_hal_cortex.o
 .text.__NVIC_GetPriorityGrouping
                0x00000000080011e4       0x1c Drivers/STM32L4xx_HAL_Driver/Src/stm32l4xx_hal_cortex.o
 .text.__NVIC_SetPriority
                0x0000000008001200       0x54 Drivers/STM32L4xx_HAL_Driver/Src/stm32l4xx_hal_cortex.o
 .text.NVIC_EncodePriority
                0x0000000008001254       0x66 Drivers/STM32L4xx_HAL_Driver/Src/stm32l4xx_hal_cortex.o
 *fill*         0x00000000080012ba        0x2 
 .text.SysTick_Config
                0x00000000080012bc       0x44 Drivers/STM32L4xx_HAL_Driver/Src/stm32l4xx_hal_cortex.o
 .text.HAL_NVIC_SetPriorityGrouping
                0x0000000008001300       0x16 Drivers/STM32L4xx_HAL_Driver/Src/stm32l4xx_hal_cortex.o
                0x0000000008001300                HAL_NVIC_SetPriorityGrouping
 .text.HAL_NVIC_SetPriority
                0x0000000008001316       0x38 Drivers/STM32L4xx_HAL_Driver/Src/stm32l4xx_hal_cortex.o
                0x0000000008001316                HAL_NVIC_SetPriority
 .text.HAL_SYSTICK_Config
                0x000000000800134e       0x18 Drivers/STM32L4xx_HAL_Driver/Src/stm32l4xx_hal_cortex.o
                0x000000000800134e                HAL_SYSTICK_Config
 *fill*         0x0000000008001366        0x2 
 .text.HAL_GPIO_Init
                0x0000000008001368      0x324 Drivers/STM32L4xx_HAL_Driver/Src/stm32l4xx_hal_gpio.o
                0x0000000008001368                HAL_GPIO_Init
 .text.HAL_GPIO_WritePin
                0x000000000800168c       0x30 Drivers/STM32L4xx_HAL_Driver/Src/stm32l4xx_hal_gpio.o
                0x000000000800168c                HAL_GPIO_WritePin
 .text.HAL_I2C_Init
                0x00000000080016bc      0x11e Drivers/STM32L4xx_HAL_Driver/Src/stm32l4xx_hal_i2c.o
                0x00000000080016bc                HAL_I2C_Init
 *fill*         0x00000000080017da        0x2 
 .text.HAL_I2C_Master_Transmit
                0x00000000080017dc      0x1e8 Drivers/STM32L4xx_HAL_Driver/Src/stm32l4xx_hal_i2c.o
                0x00000000080017dc                HAL_I2C_Master_Transmit
 .text.HAL_I2C_IsDeviceReady
                0x00000000080019c4      0x20e Drivers/STM32L4xx_HAL_Driver/Src/stm32l4xx_hal_i2c.o
                0x00000000080019c4                HAL_I2C_IsDeviceReady
 .text.I2C_Flush_TXDR
                0x0000000008001bd2       0x48 Drivers/STM32L4xx_HAL_Driver/Src/stm32l4xx_hal_i2c.o
 .text.I2C_WaitOnFlagUntilTimeout
                0x0000000008001c1a       0x80 Drivers/STM32L4xx_HAL_Driver/Src/stm32l4xx_hal_i2c.o
 .text.I2C_WaitOnTXISFlagUntilTimeout
                0x0000000008001c9a       0x80 Drivers/STM32L4xx_HAL_Driver/Src/stm32l4xx_hal_i2c.o
 .text.I2C_WaitOnSTOPFlagUntilTimeout
                0x0000000008001d1a       0x78 Drivers/STM32L4xx_HAL_Driver/Src/stm32l4xx_hal_i2c.o
 *fill*         0x0000000008001d92        0x2 
 .text.I2C_IsAcknowledgeFailed
                0x0000000008001d94       0xcc Drivers/STM32L4xx_HAL_Driver/Src/stm32l4xx_hal_i2c.o
 .text.I2C_TransferConfig
                0x0000000008001e60       0x5c Drivers/STM32L4xx_HAL_Driver/Src/stm32l4xx_hal_i2c.o
 .text.HAL_I2CEx_ConfigAnalogFilter
                0x0000000008001ebc       0x96 Drivers/STM32L4xx_HAL_Driver/Src/stm32l4xx_hal_i2c_ex.o
                0x0000000008001ebc                HAL_I2CEx_ConfigAnalogFilter
 .text.HAL_I2CEx_ConfigDigitalFilter
                0x0000000008001f52       0x98 Drivers/STM32L4xx_HAL_Driver/Src/stm32l4xx_hal_i2c_ex.o
                0x0000000008001f52                HAL_I2CEx_ConfigDigitalFilter
 .text.HAL_PCD_Init
                0x0000000008001fea      0x248 Drivers/STM32L4xx_HAL_Driver/Src/stm32l4xx_hal_pcd.o
                0x0000000008001fea                HAL_PCD_Init
 .text.HAL_PCDEx_ActivateLPM
                0x0000000008002232       0x48 Drivers/STM32L4xx_HAL_Driver/Src/stm32l4xx_hal_pcd_ex.o
                0x0000000008002232                HAL_PCDEx_ActivateLPM
 *fill*         0x000000000800227a        0x2 
 .text.HAL_PWR_EnableBkUpAccess
                0x000000000800227c       0x20 Drivers/STM32L4xx_HAL_Driver/Src/stm32l4xx_hal_pwr.o
                0x000000000800227c                HAL_PWR_EnableBkUpAccess
 .text.HAL_PWREx_GetVoltageRange
                0x000000000800229c       0x40 Drivers/STM32L4xx_HAL_Driver/Src/stm32l4xx_hal_pwr_ex.o
                0x000000000800229c                HAL_PWREx_GetVoltageRange
 .text.HAL_PWREx_ControlVoltageScaling
                0x00000000080022dc      0x148 Drivers/STM32L4xx_HAL_Driver/Src/stm32l4xx_hal_pwr_ex.o
                0x00000000080022dc                HAL_PWREx_ControlVoltageScaling
 .text.HAL_PWREx_EnableVddUSB
                0x0000000008002424       0x20 Drivers/STM32L4xx_HAL_Driver/Src/stm32l4xx_hal_pwr_ex.o
                0x0000000008002424                HAL_PWREx_EnableVddUSB
 .text.HAL_PWREx_EnableVddIO2
                0x0000000008002444       0x20 Drivers/STM32L4xx_HAL_Driver/Src/stm32l4xx_hal_pwr_ex.o
                0x0000000008002444                HAL_PWREx_EnableVddIO2
 .text.HAL_RCC_OscConfig
                0x0000000008002464      0x910 Drivers/STM32L4xx_HAL_Driver/Src/stm32l4xx_hal_rcc.o
                0x0000000008002464                HAL_RCC_OscConfig
 .text.HAL_RCC_ClockConfig
                0x0000000008002d74      0x258 Drivers/STM32L4xx_HAL_Driver/Src/stm32l4xx_hal_rcc.o
                0x0000000008002d74                HAL_RCC_ClockConfig
 .text.HAL_RCC_GetSysClockFreq
                0x0000000008002fcc      0x114 Drivers/STM32L4xx_HAL_Driver/Src/stm32l4xx_hal_rcc.o
                0x0000000008002fcc                HAL_RCC_GetSysClockFreq
 .text.HAL_RCC_GetHCLKFreq
                0x00000000080030e0       0x18 Drivers/STM32L4xx_HAL_Driver/Src/stm32l4xx_hal_rcc.o
                0x00000000080030e0                HAL_RCC_GetHCLKFreq
 .text.HAL_RCC_GetPCLK1Freq
                0x00000000080030f8       0x2c Drivers/STM32L4xx_HAL_Driver/Src/stm32l4xx_hal_rcc.o
                0x00000000080030f8                HAL_RCC_GetPCLK1Freq
 .text.HAL_RCC_GetPCLK2Freq
                0x0000000008003124       0x2c Drivers/STM32L4xx_HAL_Driver/Src/stm32l4xx_hal_rcc.o
                0x0000000008003124                HAL_RCC_GetPCLK2Freq
 .text.RCC_SetFlashLatencyFromMSIRange
                0x0000000008003150       0xb4 Drivers/STM32L4xx_HAL_Driver/Src/stm32l4xx_hal_rcc.o
 .text.RCC_GetSysClockFreqFromPLLSource
                0x0000000008003204       0xd0 Drivers/STM32L4xx_HAL_Driver/Src/stm32l4xx_hal_rcc.o
 .text.HAL_RCCEx_PeriphCLKConfig
                0x00000000080032d4      0x6c8 Drivers/STM32L4xx_HAL_Driver/Src/stm32l4xx_hal_rcc_ex.o
                0x00000000080032d4                HAL_RCCEx_PeriphCLKConfig
 .text.HAL_RCCEx_EnableMSIPLLMode
                0x000000000800399c       0x20 Drivers/STM32L4xx_HAL_Driver/Src/stm32l4xx_hal_rcc_ex.o
                0x000000000800399c                HAL_RCCEx_EnableMSIPLLMode
 .text.RCCEx_PLLSAI1_Config
                0x00000000080039bc      0x1e0 Drivers/STM32L4xx_HAL_Driver/Src/stm32l4xx_hal_rcc_ex.o
 .text.RCCEx_PLLSAI2_Config
                0x0000000008003b9c      0x1e0 Drivers/STM32L4xx_HAL_Driver/Src/stm32l4xx_hal_rcc_ex.o
 .text.HAL_UART_Init
                0x0000000008003d7c       0xa0 Drivers/STM32L4xx_HAL_Driver/Src/stm32l4xx_hal_uart.o
                0x0000000008003d7c                HAL_UART_Init
 *fill*         0x0000000008003e1c        0x4 
 .text.UART_SetConfig
                0x0000000008003e20     0x13dc Drivers/STM32L4xx_HAL_Driver/Src/stm32l4xx_hal_uart.o
                0x0000000008003e20                UART_SetConfig
 .text.UART_AdvFeatureConfig
                0x00000000080051fc      0x144 Drivers/STM32L4xx_HAL_Driver/Src/stm32l4xx_hal_uart.o
                0x00000000080051fc                UART_AdvFeatureConfig
 .text.UART_CheckIdleState
                0x0000000008005340       0x90 Drivers/STM32L4xx_HAL_Driver/Src/stm32l4xx_hal_uart.o
                0x0000000008005340                UART_CheckIdleState
 .text.UART_WaitOnFlagUntilTimeout
                0x00000000080053d0      0x100 Drivers/STM32L4xx_HAL_Driver/Src/stm32l4xx_hal_uart.o
                0x00000000080053d0                UART_WaitOnFlagUntilTimeout
 .text.HAL_UARTEx_DisableFifoMode
                0x00000000080054d0       0x72 Drivers/STM32L4xx_HAL_Driver/Src/stm32l4xx_hal_uart_ex.o
                0x00000000080054d0                HAL_UARTEx_DisableFifoMode
 .text.HAL_UARTEx_SetTxFifoThreshold
                0x0000000008005542       0x7c Drivers/STM32L4xx_HAL_Driver/Src/stm32l4xx_hal_uart_ex.o
                0x0000000008005542                HAL_UARTEx_SetTxFifoThreshold
 .text.HAL_UARTEx_SetRxFifoThreshold
                0x00000000080055be       0x7c Drivers/STM32L4xx_HAL_Driver/Src/stm32l4xx_hal_uart_ex.o
                0x00000000080055be                HAL_UARTEx_SetRxFifoThreshold
 *fill*         0x000000000800563a        0x2 
 .text.UARTEx_SetNbDataToProcess
                0x000000000800563c       0xd0 Drivers/STM32L4xx_HAL_Driver/Src/stm32l4xx_hal_uart_ex.o
 .text.USB_CoreInit
                0x000000000800570c       0xa4 Drivers/STM32L4xx_HAL_Driver/Src/stm32l4xx_ll_usb.o
                0x000000000800570c                USB_CoreInit
 .text.USB_DisableGlobalInt
                0x00000000080057b0       0x22 Drivers/STM32L4xx_HAL_Driver/Src/stm32l4xx_ll_usb.o
                0x00000000080057b0                USB_DisableGlobalInt
 .text.USB_SetCurrentMode
                0x00000000080057d2       0x54 Drivers/STM32L4xx_HAL_Driver/Src/stm32l4xx_ll_usb.o
                0x00000000080057d2                USB_SetCurrentMode
 *fill*         0x0000000008005826        0x2 
 .text.USB_DevInit
                0x0000000008005828      0x298 Drivers/STM32L4xx_HAL_Driver/Src/stm32l4xx_ll_usb.o
                0x0000000008005828                USB_DevInit
 .text.USB_FlushTxFifo
                0x0000000008005ac0       0x4c Drivers/STM32L4xx_HAL_Driver/Src/stm32l4xx_ll_usb.o
                0x0000000008005ac0                USB_FlushTxFifo
 .text.USB_FlushRxFifo
                0x0000000008005b0c       0x44 Drivers/STM32L4xx_HAL_Driver/Src/stm32l4xx_ll_usb.o
                0x0000000008005b0c                USB_FlushRxFifo
 .text.USB_SetDevSpeed
                0x0000000008005b50       0x32 Drivers/STM32L4xx_HAL_Driver/Src/stm32l4xx_ll_usb.o
                0x0000000008005b50                USB_SetDevSpeed
 .text.USB_DevDisconnect
                0x0000000008005b82       0x30 Drivers/STM32L4xx_HAL_Driver/Src/stm32l4xx_ll_usb.o
                0x0000000008005b82                USB_DevDisconnect
 *fill*         0x0000000008005bb2        0x2 
 .text.USB_CoreReset
                0x0000000008005bb4       0x68 Drivers/STM32L4xx_HAL_Driver/Src/stm32l4xx_ll_usb.o
 .text.__libc_init_array
                0x0000000008005c1c       0x48 c:/st/stm32cubeide_1.3.0/stm32cubeide/plugins/com.st.stm32cube.ide.mcu.externaltools.gnu-tools-for-stm32.7-2018-q2-update.win32_1.0.0.201904181610/tools/bin/../lib/gcc/arm-none-eabi/7.3.1/../../../../arm-none-eabi/lib/thumb/v7e-m/fpv4-sp/hard\libc_nano.a(lib_a-init.o)
                0x0000000008005c1c                __libc_init_array
 .text.memset   0x0000000008005c64       0x10 c:/st/stm32cubeide_1.3.0/stm32cubeide/plugins/com.st.stm32cube.ide.mcu.externaltools.gnu-tools-for-stm32.7-2018-q2-update.win32_1.0.0.201904181610/tools/bin/../lib/gcc/arm-none-eabi/7.3.1/../../../../arm-none-eabi/lib/thumb/v7e-m/fpv4-sp/hard\libc_nano.a(lib_a-memset.o)
                0x0000000008005c64                memset
 *(.glue_7)
 .glue_7        0x0000000008005c74        0x0 linker stubs
 *(.glue_7t)
 .glue_7t       0x0000000008005c74        0x0 linker stubs
 *(.eh_frame)
 .eh_frame      0x0000000008005c74        0x0 c:/st/stm32cubeide_1.3.0/stm32cubeide/plugins/com.st.stm32cube.ide.mcu.externaltools.gnu-tools-for-stm32.7-2018-q2-update.win32_1.0.0.201904181610/tools/bin/../lib/gcc/arm-none-eabi/7.3.1/thumb/v7e-m/fpv4-sp/hard/crtbegin.o
 *(.init)
 .init          0x0000000008005c74        0x4 c:/st/stm32cubeide_1.3.0/stm32cubeide/plugins/com.st.stm32cube.ide.mcu.externaltools.gnu-tools-for-stm32.7-2018-q2-update.win32_1.0.0.201904181610/tools/bin/../lib/gcc/arm-none-eabi/7.3.1/thumb/v7e-m/fpv4-sp/hard/crti.o
                0x0000000008005c74                _init
 .init          0x0000000008005c78        0x8 c:/st/stm32cubeide_1.3.0/stm32cubeide/plugins/com.st.stm32cube.ide.mcu.externaltools.gnu-tools-for-stm32.7-2018-q2-update.win32_1.0.0.201904181610/tools/bin/../lib/gcc/arm-none-eabi/7.3.1/thumb/v7e-m/fpv4-sp/hard/crtn.o
 *(.fini)
 .fini          0x0000000008005c80        0x4 c:/st/stm32cubeide_1.3.0/stm32cubeide/plugins/com.st.stm32cube.ide.mcu.externaltools.gnu-tools-for-stm32.7-2018-q2-update.win32_1.0.0.201904181610/tools/bin/../lib/gcc/arm-none-eabi/7.3.1/thumb/v7e-m/fpv4-sp/hard/crti.o
                0x0000000008005c80                _fini
 .fini          0x0000000008005c84        0x8 c:/st/stm32cubeide_1.3.0/stm32cubeide/plugins/com.st.stm32cube.ide.mcu.externaltools.gnu-tools-for-stm32.7-2018-q2-update.win32_1.0.0.201904181610/tools/bin/../lib/gcc/arm-none-eabi/7.3.1/thumb/v7e-m/fpv4-sp/hard/crtn.o
                0x0000000008005c8c                . = ALIGN (0x4)
                0x0000000008005c8c                _etext = .

.vfp11_veneer   0x0000000008005c8c        0x0
 .vfp11_veneer  0x0000000008005c8c        0x0 linker stubs

.v4_bx          0x0000000008005c8c        0x0
 .v4_bx         0x0000000008005c8c        0x0 linker stubs

.iplt           0x0000000008005c8c        0x0
 .iplt          0x0000000008005c8c        0x0 c:/st/stm32cubeide_1.3.0/stm32cubeide/plugins/com.st.stm32cube.ide.mcu.externaltools.gnu-tools-for-stm32.7-2018-q2-update.win32_1.0.0.201904181610/tools/bin/../lib/gcc/arm-none-eabi/7.3.1/thumb/v7e-m/fpv4-sp/hard/crtbegin.o

.rodata         0x0000000008005c8c    0x11858
                0x0000000008005c8c                . = ALIGN (0x4)
 *(.rodata)
 .rodata        0x0000000008005c8c       0x10 Drivers/STM32L4xx_HAL_Driver/Src/stm32l4xx_hal_uart_ex.o
 *(.rodata*)
 .rodata.one    0x0000000008005c9c      0x800 Core/Src/main.o
                0x0000000008005c9c                one
 .rodata.two    0x000000000800649c      0x800 Core/Src/main.o
                0x000000000800649c                two
 .rodata.three  0x0000000008006c9c      0x800 Core/Src/main.o
                0x0000000008006c9c                three
 .rodata.four   0x000000000800749c      0x800 Core/Src/main.o
                0x000000000800749c                four
 .rodata.five   0x0000000008007c9c      0x800 Core/Src/main.o
                0x0000000008007c9c                five
 .rodata.six    0x000000000800849c      0x800 Core/Src/main.o
                0x000000000800849c                six
 .rodata.seven  0x0000000008008c9c      0x800 Core/Src/main.o
                0x0000000008008c9c                seven
 .rodata.eight  0x000000000800949c      0x800 Core/Src/main.o
                0x000000000800949c                eight
 .rodata.nine   0x0000000008009c9c      0x800 Core/Src/main.o
                0x0000000008009c9c                nine
 .rodata.new_year
                0x000000000800a49c      0x800 Core/Src/main.o
                0x000000000800a49c                new_year
 .rodata.fuego1
                0x000000000800ac9c      0x800 Core/Src/oled.o
                0x000000000800ac9c                fuego1
 .rodata.fuego2
                0x000000000800b49c      0x800 Core/Src/oled.o
                0x000000000800b49c                fuego2
 .rodata.fuego3
                0x000000000800bc9c      0x800 Core/Src/oled.o
                0x000000000800bc9c                fuego3
 .rodata.fuego4
                0x000000000800c49c      0x800 Core/Src/oled.o
                0x000000000800c49c                fuego4
 .rodata.fuego5
                0x000000000800cc9c      0x800 Core/Src/oled.o
                0x000000000800cc9c                fuego5
 .rodata.fuego6
                0x000000000800d49c      0x800 Core/Src/oled.o
                0x000000000800d49c                fuego6
 .rodata.fuego7
                0x000000000800dc9c      0x800 Core/Src/oled.o
                0x000000000800dc9c                fuego7
 .rodata.fuego8
                0x000000000800e49c      0x800 Core/Src/oled.o
                0x000000000800e49c                fuego8
 .rodata.fuego9
                0x000000000800ec9c      0x800 Core/Src/oled.o
                0x000000000800ec9c                fuego9
 .rodata.fuego10
                0x000000000800f49c      0x800 Core/Src/oled.o
                0x000000000800f49c                fuego10
 .rodata.fuego11
                0x000000000800fc9c      0x800 Core/Src/oled.o
                0x000000000800fc9c                fuego11
 .rodata.fuego12
                0x000000000801049c      0x800 Core/Src/oled.o
                0x000000000801049c                fuego12
 .rodata.fuego13
                0x0000000008010c9c      0x800 Core/Src/oled.o
                0x0000000008010c9c                fuego13
 .rodata.fuego14
                0x000000000801149c      0x800 Core/Src/oled.o
                0x000000000801149c                fuego14
 .rodata.fuego15
                0x0000000008011c9c      0x800 Core/Src/oled.o
                0x0000000008011c9c                fuego15
 .rodata.fuego16
                0x000000000801249c      0x800 Core/Src/oled.o
                0x000000000801249c                fuego16
 .rodata.fuego17
                0x0000000008012c9c      0x800 Core/Src/oled.o
                0x0000000008012c9c                fuego17
 .rodata.fuego18
                0x000000000801349c      0x800 Core/Src/oled.o
                0x000000000801349c                fuego18
 .rodata.fuego19
                0x0000000008013c9c      0x800 Core/Src/oled.o
                0x0000000008013c9c                fuego19
 .rodata.fuego20
                0x000000000801449c      0x800 Core/Src/oled.o
                0x000000000801449c                fuego20
 .rodata.fuego21
                0x0000000008014c9c      0x800 Core/Src/oled.o
                0x0000000008014c9c                fuego21
 .rodata.fuego22
                0x000000000801549c      0x800 Core/Src/oled.o
                0x000000000801549c                fuego22
 .rodata.fuego23
                0x0000000008015c9c      0x800 Core/Src/oled.o
                0x0000000008015c9c                fuego23
 .rodata.fuego24
                0x000000000801649c      0x800 Core/Src/oled.o
                0x000000000801649c                fuego24
 .rodata.fuego25
                0x0000000008016c9c      0x800 Core/Src/oled.o
                0x0000000008016c9c                fuego25
 .rodata.AHBPrescTable
                0x000000000801749c       0x10 Core/Src/system_stm32l4xx.o
                0x000000000801749c                AHBPrescTable
 .rodata.APBPrescTable
                0x00000000080174ac        0x8 Core/Src/system_stm32l4xx.o
                0x00000000080174ac                APBPrescTable
 .rodata.MSIRangeTable
                0x00000000080174b4       0x30 Core/Src/system_stm32l4xx.o
                0x00000000080174b4                MSIRangeTable
                0x00000000080174e4                . = ALIGN (0x4)

.ARM.extab      0x00000000080174e4        0x0
                0x00000000080174e4                . = ALIGN (0x4)
 *(.ARM.extab* .gnu.linkonce.armextab.*)
                0x00000000080174e4                . = ALIGN (0x4)

.ARM            0x00000000080174e4        0x8
                0x00000000080174e4                . = ALIGN (0x4)
                0x00000000080174e4                __exidx_start = .
 *(.ARM.exidx*)
 .ARM.exidx     0x00000000080174e4        0x8 c:/st/stm32cubeide_1.3.0/stm32cubeide/plugins/com.st.stm32cube.ide.mcu.externaltools.gnu-tools-for-stm32.7-2018-q2-update.win32_1.0.0.201904181610/tools/bin/../lib/gcc/arm-none-eabi/7.3.1/thumb/v7e-m/fpv4-sp/hard\libgcc.a(_udivmoddi4.o)
                0x00000000080174ec                __exidx_end = .
                0x00000000080174ec                . = ALIGN (0x4)

.rel.dyn        0x00000000080174ec        0x0
 .rel.iplt      0x00000000080174ec        0x0 c:/st/stm32cubeide_1.3.0/stm32cubeide/plugins/com.st.stm32cube.ide.mcu.externaltools.gnu-tools-for-stm32.7-2018-q2-update.win32_1.0.0.201904181610/tools/bin/../lib/gcc/arm-none-eabi/7.3.1/thumb/v7e-m/fpv4-sp/hard/crtbegin.o

.preinit_array  0x00000000080174ec        0x0
                0x00000000080174ec                . = ALIGN (0x4)
                0x00000000080174ec                PROVIDE (__preinit_array_start = .)
 *(.preinit_array*)
                0x00000000080174ec                PROVIDE (__preinit_array_end = .)
                0x00000000080174ec                . = ALIGN (0x4)

.init_array     0x00000000080174ec        0x4
                0x00000000080174ec                . = ALIGN (0x4)
                0x00000000080174ec                PROVIDE (__init_array_start = .)
 *(SORT_BY_NAME(.init_array.*))
 *(.init_array*)
 .init_array    0x00000000080174ec        0x4 c:/st/stm32cubeide_1.3.0/stm32cubeide/plugins/com.st.stm32cube.ide.mcu.externaltools.gnu-tools-for-stm32.7-2018-q2-update.win32_1.0.0.201904181610/tools/bin/../lib/gcc/arm-none-eabi/7.3.1/thumb/v7e-m/fpv4-sp/hard/crtbegin.o
                0x00000000080174f0                PROVIDE (__init_array_end = .)
                0x00000000080174f0                . = ALIGN (0x4)

.fini_array     0x00000000080174f0        0x4
                0x00000000080174f0                . = ALIGN (0x4)
                [!provide]                        PROVIDE (__fini_array_start = .)
 *(SORT_BY_NAME(.fini_array.*))
 *(.fini_array*)
 .fini_array    0x00000000080174f0        0x4 c:/st/stm32cubeide_1.3.0/stm32cubeide/plugins/com.st.stm32cube.ide.mcu.externaltools.gnu-tools-for-stm32.7-2018-q2-update.win32_1.0.0.201904181610/tools/bin/../lib/gcc/arm-none-eabi/7.3.1/thumb/v7e-m/fpv4-sp/hard/crtbegin.o
                [!provide]                        PROVIDE (__fini_array_end = .)
                0x00000000080174f4                . = ALIGN (0x4)
                0x00000000080174f4                _sidata = LOADADDR (.data)

.data           0x0000000020000000        0xc load address 0x00000000080174f4
                0x0000000020000000                . = ALIGN (0x4)
                0x0000000020000000                _sdata = .
 *(.data)
 *(.data*)
 .data.SystemCoreClock
                0x0000000020000000        0x4 Core/Src/system_stm32l4xx.o
                0x0000000020000000                SystemCoreClock
 .data.uwTickPrio
                0x0000000020000004        0x4 Drivers/STM32L4xx_HAL_Driver/Src/stm32l4xx_hal.o
                0x0000000020000004                uwTickPrio
 .data.uwTickFreq
                0x0000000020000008        0x4 Drivers/STM32L4xx_HAL_Driver/Src/stm32l4xx_hal.o
                0x0000000020000008                uwTickFreq
                0x000000002000000c                . = ALIGN (0x4)
                0x000000002000000c                _edata = .

.igot.plt       0x000000002000000c        0x0 load address 0x0000000008017500
 .igot.plt      0x000000002000000c        0x0 c:/st/stm32cubeide_1.3.0/stm32cubeide/plugins/com.st.stm32cube.ide.mcu.externaltools.gnu-tools-for-stm32.7-2018-q2-update.win32_1.0.0.201904181610/tools/bin/../lib/gcc/arm-none-eabi/7.3.1/thumb/v7e-m/fpv4-sp/hard/crtbegin.o
                0x000000002000000c                . = ALIGN (0x4)

.bss            0x000000002000000c      0x58c load address 0x0000000008017500
                0x000000002000000c                _sbss = .
                0x000000002000000c                __bss_start__ = _sbss
 *(.bss)
 .bss           0x000000002000000c       0x1c c:/st/stm32cubeide_1.3.0/stm32cubeide/plugins/com.st.stm32cube.ide.mcu.externaltools.gnu-tools-for-stm32.7-2018-q2-update.win32_1.0.0.201904181610/tools/bin/../lib/gcc/arm-none-eabi/7.3.1/thumb/v7e-m/fpv4-sp/hard/crtbegin.o
 *(.bss*)
 *(COMMON)
 COMMON         0x0000000020000028      0x56c Core/Src/main.o
                0x0000000020000028                hi2c1
                0x0000000020000074                hpcd_USB_OTG_FS
                0x000000002000047c                hlpuart1
                0x0000000020000508                huart1
 COMMON         0x0000000020000594        0x4 Drivers/STM32L4xx_HAL_Driver/Src/stm32l4xx_hal.o
                0x0000000020000594                uwTick
                0x0000000020000598                . = ALIGN (0x4)
                0x0000000020000598                _ebss = .
                0x0000000020000598                __bss_end__ = _ebss

._user_heap_stack
                0x0000000020000598      0x600 load address 0x0000000008017500
                0x0000000020000598                . = ALIGN (0x8)
                0x0000000020000598                PROVIDE (end = .)
                [!provide]                        PROVIDE (_end = .)
                0x0000000020000798                . = (. + _Min_Heap_Size)
 *fill*         0x0000000020000598      0x200 
                0x0000000020000b98                . = (. + _Min_Stack_Size)
 *fill*         0x0000000020000798      0x400 
                0x0000000020000b98                . = ALIGN (0x8)

/DISCARD/
 libc.a(*)
 libm.a(*)
 libgcc.a(*)

.ARM.attributes
                0x0000000000000000       0x30
 *(.ARM.attributes)
 .ARM.attributes
                0x0000000000000000       0x22 c:/st/stm32cubeide_1.3.0/stm32cubeide/plugins/com.st.stm32cube.ide.mcu.externaltools.gnu-tools-for-stm32.7-2018-q2-update.win32_1.0.0.201904181610/tools/bin/../lib/gcc/arm-none-eabi/7.3.1/thumb/v7e-m/fpv4-sp/hard/crti.o
 .ARM.attributes
                0x0000000000000022       0x34 c:/st/stm32cubeide_1.3.0/stm32cubeide/plugins/com.st.stm32cube.ide.mcu.externaltools.gnu-tools-for-stm32.7-2018-q2-update.win32_1.0.0.201904181610/tools/bin/../lib/gcc/arm-none-eabi/7.3.1/thumb/v7e-m/fpv4-sp/hard/crtbegin.o
 .ARM.attributes
                0x0000000000000056       0x39 Core/Src/main.o
 .ARM.attributes
                0x000000000000008f       0x39 Core/Src/oled.o
 .ARM.attributes
                0x00000000000000c8       0x39 Core/Src/stm32l4xx_hal_msp.o
 .ARM.attributes
                0x0000000000000101       0x39 Core/Src/stm32l4xx_it.o
 .ARM.attributes
                0x000000000000013a       0x39 Core/Src/system_stm32l4xx.o
 .ARM.attributes
                0x0000000000000173       0x21 Core/Startup/startup_stm32l4p5zgtx.o
 .ARM.attributes
                0x0000000000000194       0x39 Drivers/STM32L4xx_HAL_Driver/Src/stm32l4xx_hal.o
 .ARM.attributes
                0x00000000000001cd       0x39 Drivers/STM32L4xx_HAL_Driver/Src/stm32l4xx_hal_cortex.o
 .ARM.attributes
                0x0000000000000206       0x39 Drivers/STM32L4xx_HAL_Driver/Src/stm32l4xx_hal_gpio.o
 .ARM.attributes
                0x000000000000023f       0x39 Drivers/STM32L4xx_HAL_Driver/Src/stm32l4xx_hal_i2c.o
 .ARM.attributes
                0x0000000000000278       0x39 Drivers/STM32L4xx_HAL_Driver/Src/stm32l4xx_hal_i2c_ex.o
 .ARM.attributes
                0x00000000000002b1       0x39 Drivers/STM32L4xx_HAL_Driver/Src/stm32l4xx_hal_pcd.o
 .ARM.attributes
                0x00000000000002ea       0x39 Drivers/STM32L4xx_HAL_Driver/Src/stm32l4xx_hal_pcd_ex.o
 .ARM.attributes
                0x0000000000000323       0x39 Drivers/STM32L4xx_HAL_Driver/Src/stm32l4xx_hal_pwr.o
 .ARM.attributes
                0x000000000000035c       0x39 Drivers/STM32L4xx_HAL_Driver/Src/stm32l4xx_hal_pwr_ex.o
 .ARM.attributes
                0x0000000000000395       0x39 Drivers/STM32L4xx_HAL_Driver/Src/stm32l4xx_hal_rcc.o
 .ARM.attributes
                0x00000000000003ce       0x39 Drivers/STM32L4xx_HAL_Driver/Src/stm32l4xx_hal_rcc_ex.o
 .ARM.attributes
                0x0000000000000407       0x39 Drivers/STM32L4xx_HAL_Driver/Src/stm32l4xx_hal_uart.o
 .ARM.attributes
                0x0000000000000440       0x39 Drivers/STM32L4xx_HAL_Driver/Src/stm32l4xx_hal_uart_ex.o
 .ARM.attributes
                0x0000000000000479       0x39 Drivers/STM32L4xx_HAL_Driver/Src/stm32l4xx_ll_usb.o
 .ARM.attributes
                0x00000000000004b2       0x34 c:/st/stm32cubeide_1.3.0/stm32cubeide/plugins/com.st.stm32cube.ide.mcu.externaltools.gnu-tools-for-stm32.7-2018-q2-update.win32_1.0.0.201904181610/tools/bin/../lib/gcc/arm-none-eabi/7.3.1/../../../../arm-none-eabi/lib/thumb/v7e-m/fpv4-sp/hard\libc_nano.a(lib_a-init.o)
 .ARM.attributes
                0x00000000000004e6       0x34 c:/st/stm32cubeide_1.3.0/stm32cubeide/plugins/com.st.stm32cube.ide.mcu.externaltools.gnu-tools-for-stm32.7-2018-q2-update.win32_1.0.0.201904181610/tools/bin/../lib/gcc/arm-none-eabi/7.3.1/../../../../arm-none-eabi/lib/thumb/v7e-m/fpv4-sp/hard\libc_nano.a(lib_a-memset.o)
 .ARM.attributes
                0x000000000000051a       0x22 c:/st/stm32cubeide_1.3.0/stm32cubeide/plugins/com.st.stm32cube.ide.mcu.externaltools.gnu-tools-for-stm32.7-2018-q2-update.win32_1.0.0.201904181610/tools/bin/../lib/gcc/arm-none-eabi/7.3.1/thumb/v7e-m/fpv4-sp/hard\libgcc.a(_aeabi_uldivmod.o)
 .ARM.attributes
                0x000000000000053c       0x34 c:/st/stm32cubeide_1.3.0/stm32cubeide/plugins/com.st.stm32cube.ide.mcu.externaltools.gnu-tools-for-stm32.7-2018-q2-update.win32_1.0.0.201904181610/tools/bin/../lib/gcc/arm-none-eabi/7.3.1/thumb/v7e-m/fpv4-sp/hard\libgcc.a(_udivmoddi4.o)
 .ARM.attributes
                0x0000000000000570       0x22 c:/st/stm32cubeide_1.3.0/stm32cubeide/plugins/com.st.stm32cube.ide.mcu.externaltools.gnu-tools-for-stm32.7-2018-q2-update.win32_1.0.0.201904181610/tools/bin/../lib/gcc/arm-none-eabi/7.3.1/thumb/v7e-m/fpv4-sp/hard\libgcc.a(_dvmd_tls.o)
 .ARM.attributes
                0x0000000000000592       0x22 c:/st/stm32cubeide_1.3.0/stm32cubeide/plugins/com.st.stm32cube.ide.mcu.externaltools.gnu-tools-for-stm32.7-2018-q2-update.win32_1.0.0.201904181610/tools/bin/../lib/gcc/arm-none-eabi/7.3.1/thumb/v7e-m/fpv4-sp/hard/crtn.o
OUTPUT(Happy_New_Year.elf elf32-littlearm)

.debug_info     0x0000000000000000    0x12d23
 .debug_info    0x0000000000000000     0x194d Core/Src/main.o
 .debug_info    0x000000000000194d      0xb7a Core/Src/oled.o
 .debug_info    0x00000000000024c7     0x1556 Core/Src/stm32l4xx_hal_msp.o
 .debug_info    0x0000000000003a1d      0x318 Core/Src/stm32l4xx_it.o
 .debug_info    0x0000000000003d35      0x72a Core/Src/system_stm32l4xx.o
 .debug_info    0x000000000000445f       0x22 Core/Startup/startup_stm32l4p5zgtx.o
 .debug_info    0x0000000000004481      0xc3f Drivers/STM32L4xx_HAL_Driver/Src/stm32l4xx_hal.o
 .debug_info    0x00000000000050c0      0xf5a Drivers/STM32L4xx_HAL_Driver/Src/stm32l4xx_hal_cortex.o
 .debug_info    0x000000000000601a      0x9b6 Drivers/STM32L4xx_HAL_Driver/Src/stm32l4xx_hal_gpio.o
 .debug_info    0x00000000000069d0     0x21e2 Drivers/STM32L4xx_HAL_Driver/Src/stm32l4xx_hal_i2c.o
 .debug_info    0x0000000000008bb2      0xc88 Drivers/STM32L4xx_HAL_Driver/Src/stm32l4xx_hal_i2c_ex.o
 .debug_info    0x000000000000983a     0x1281 Drivers/STM32L4xx_HAL_Driver/Src/stm32l4xx_hal_pcd.o
 .debug_info    0x000000000000aabb      0x9d5 Drivers/STM32L4xx_HAL_Driver/Src/stm32l4xx_hal_pcd_ex.o
 .debug_info    0x000000000000b490      0xad8 Drivers/STM32L4xx_HAL_Driver/Src/stm32l4xx_hal_pwr.o
 .debug_info    0x000000000000bf68      0xbb4 Drivers/STM32L4xx_HAL_Driver/Src/stm32l4xx_hal_pwr_ex.o
 .debug_info    0x000000000000cb1c      0xe6e Drivers/STM32L4xx_HAL_Driver/Src/stm32l4xx_hal_rcc.o
 .debug_info    0x000000000000d98a     0x1248 Drivers/STM32L4xx_HAL_Driver/Src/stm32l4xx_hal_rcc_ex.o
 .debug_info    0x000000000000ebd2     0x1a9d Drivers/STM32L4xx_HAL_Driver/Src/stm32l4xx_hal_uart.o
 .debug_info    0x000000000001066f      0xc9f Drivers/STM32L4xx_HAL_Driver/Src/stm32l4xx_hal_uart_ex.o
 .debug_info    0x000000000001130e     0x1a15 Drivers/STM32L4xx_HAL_Driver/Src/stm32l4xx_ll_usb.o

.debug_abbrev   0x0000000000000000     0x2603
 .debug_abbrev  0x0000000000000000      0x27a Core/Src/main.o
 .debug_abbrev  0x000000000000027a      0x1b5 Core/Src/oled.o
 .debug_abbrev  0x000000000000042f      0x207 Core/Src/stm32l4xx_hal_msp.o
 .debug_abbrev  0x0000000000000636       0xe2 Core/Src/stm32l4xx_it.o
 .debug_abbrev  0x0000000000000718      0x150 Core/Src/system_stm32l4xx.o
 .debug_abbrev  0x0000000000000868       0x12 Core/Startup/startup_stm32l4p5zgtx.o
 .debug_abbrev  0x000000000000087a      0x1fb Drivers/STM32L4xx_HAL_Driver/Src/stm32l4xx_hal.o
 .debug_abbrev  0x0000000000000a75      0x2fa Drivers/STM32L4xx_HAL_Driver/Src/stm32l4xx_hal_cortex.o
 .debug_abbrev  0x0000000000000d6f      0x1c0 Drivers/STM32L4xx_HAL_Driver/Src/stm32l4xx_hal_gpio.o
 .debug_abbrev  0x0000000000000f2f      0x22a Drivers/STM32L4xx_HAL_Driver/Src/stm32l4xx_hal_i2c.o
 .debug_abbrev  0x0000000000001159      0x1b9 Drivers/STM32L4xx_HAL_Driver/Src/stm32l4xx_hal_i2c_ex.o
 .debug_abbrev  0x0000000000001312      0x266 Drivers/STM32L4xx_HAL_Driver/Src/stm32l4xx_hal_pcd.o
 .debug_abbrev  0x0000000000001578      0x214 Drivers/STM32L4xx_HAL_Driver/Src/stm32l4xx_hal_pcd_ex.o
 .debug_abbrev  0x000000000000178c      0x18b Drivers/STM32L4xx_HAL_Driver/Src/stm32l4xx_hal_pwr.o
 .debug_abbrev  0x0000000000001917      0x1cb Drivers/STM32L4xx_HAL_Driver/Src/stm32l4xx_hal_pwr_ex.o
 .debug_abbrev  0x0000000000001ae2      0x295 Drivers/STM32L4xx_HAL_Driver/Src/stm32l4xx_hal_rcc.o
 .debug_abbrev  0x0000000000001d77      0x238 Drivers/STM32L4xx_HAL_Driver/Src/stm32l4xx_hal_rcc_ex.o
 .debug_abbrev  0x0000000000001faf      0x205 Drivers/STM32L4xx_HAL_Driver/Src/stm32l4xx_hal_uart.o
 .debug_abbrev  0x00000000000021b4      0x1e2 Drivers/STM32L4xx_HAL_Driver/Src/stm32l4xx_hal_uart_ex.o
 .debug_abbrev  0x0000000000002396      0x26d Drivers/STM32L4xx_HAL_Driver/Src/stm32l4xx_ll_usb.o

.debug_aranges  0x0000000000000000     0x10a8
 .debug_aranges
                0x0000000000000000       0x50 Core/Src/main.o
 .debug_aranges
                0x0000000000000050       0x48 Core/Src/oled.o
 .debug_aranges
                0x0000000000000098       0x50 Core/Src/stm32l4xx_hal_msp.o
 .debug_aranges
                0x00000000000000e8       0x60 Core/Src/stm32l4xx_it.o
 .debug_aranges
                0x0000000000000148       0x28 Core/Src/system_stm32l4xx.o
 .debug_aranges
                0x0000000000000170       0x28 Core/Startup/startup_stm32l4p5zgtx.o
 .debug_aranges
                0x0000000000000198      0x130 Drivers/STM32L4xx_HAL_Driver/Src/stm32l4xx_hal.o
 .debug_aranges
                0x00000000000002c8      0x118 Drivers/STM32L4xx_HAL_Driver/Src/stm32l4xx_hal_cortex.o
 .debug_aranges
                0x00000000000003e0       0x58 Drivers/STM32L4xx_HAL_Driver/Src/stm32l4xx_hal_gpio.o
 .debug_aranges
                0x0000000000000438      0x290 Drivers/STM32L4xx_HAL_Driver/Src/stm32l4xx_hal_i2c.o
 .debug_aranges
                0x00000000000006c8       0x48 Drivers/STM32L4xx_HAL_Driver/Src/stm32l4xx_hal_i2c_ex.o
 .debug_aranges
                0x0000000000000710      0x130 Drivers/STM32L4xx_HAL_Driver/Src/stm32l4xx_hal_pcd.o
 .debug_aranges
                0x0000000000000840       0x60 Drivers/STM32L4xx_HAL_Driver/Src/stm32l4xx_hal_pcd_ex.o
 .debug_aranges
                0x00000000000008a0       0x98 Drivers/STM32L4xx_HAL_Driver/Src/stm32l4xx_hal_pwr.o
 .debug_aranges
                0x0000000000000938      0x180 Drivers/STM32L4xx_HAL_Driver/Src/stm32l4xx_hal_pwr_ex.o
 .debug_aranges
                0x0000000000000ab8       0x90 Drivers/STM32L4xx_HAL_Driver/Src/stm32l4xx_hal_rcc.o
 .debug_aranges
                0x0000000000000b48      0x110 Drivers/STM32L4xx_HAL_Driver/Src/stm32l4xx_hal_rcc_ex.o
 .debug_aranges
                0x0000000000000c58      0x230 Drivers/STM32L4xx_HAL_Driver/Src/stm32l4xx_hal_uart.o
 .debug_aranges
                0x0000000000000e88       0x88 Drivers/STM32L4xx_HAL_Driver/Src/stm32l4xx_hal_uart_ex.o
 .debug_aranges
                0x0000000000000f10      0x198 Drivers/STM32L4xx_HAL_Driver/Src/stm32l4xx_ll_usb.o

.debug_ranges   0x0000000000000000      0xf70
 .debug_ranges  0x0000000000000000       0x40 Core/Src/main.o
 .debug_ranges  0x0000000000000040       0x38 Core/Src/oled.o
 .debug_ranges  0x0000000000000078       0x40 Core/Src/stm32l4xx_hal_msp.o
 .debug_ranges  0x00000000000000b8       0x50 Core/Src/stm32l4xx_it.o
 .debug_ranges  0x0000000000000108       0x18 Core/Src/system_stm32l4xx.o
 .debug_ranges  0x0000000000000120       0x20 Core/Startup/startup_stm32l4p5zgtx.o
 .debug_ranges  0x0000000000000140      0x120 Drivers/STM32L4xx_HAL_Driver/Src/stm32l4xx_hal.o
 .debug_ranges  0x0000000000000260      0x108 Drivers/STM32L4xx_HAL_Driver/Src/stm32l4xx_hal_cortex.o
 .debug_ranges  0x0000000000000368       0x48 Drivers/STM32L4xx_HAL_Driver/Src/stm32l4xx_hal_gpio.o
 .debug_ranges  0x00000000000003b0      0x280 Drivers/STM32L4xx_HAL_Driver/Src/stm32l4xx_hal_i2c.o
 .debug_ranges  0x0000000000000630       0x38 Drivers/STM32L4xx_HAL_Driver/Src/stm32l4xx_hal_i2c_ex.o
 .debug_ranges  0x0000000000000668      0x120 Drivers/STM32L4xx_HAL_Driver/Src/stm32l4xx_hal_pcd.o
 .debug_ranges  0x0000000000000788       0x50 Drivers/STM32L4xx_HAL_Driver/Src/stm32l4xx_hal_pcd_ex.o
 .debug_ranges  0x00000000000007d8       0x88 Drivers/STM32L4xx_HAL_Driver/Src/stm32l4xx_hal_pwr.o
 .debug_ranges  0x0000000000000860      0x170 Drivers/STM32L4xx_HAL_Driver/Src/stm32l4xx_hal_pwr_ex.o
 .debug_ranges  0x00000000000009d0       0x80 Drivers/STM32L4xx_HAL_Driver/Src/stm32l4xx_hal_rcc.o
 .debug_ranges  0x0000000000000a50      0x100 Drivers/STM32L4xx_HAL_Driver/Src/stm32l4xx_hal_rcc_ex.o
 .debug_ranges  0x0000000000000b50      0x220 Drivers/STM32L4xx_HAL_Driver/Src/stm32l4xx_hal_uart.o
 .debug_ranges  0x0000000000000d70       0x78 Drivers/STM32L4xx_HAL_Driver/Src/stm32l4xx_hal_uart_ex.o
 .debug_ranges  0x0000000000000de8      0x188 Drivers/STM32L4xx_HAL_Driver/Src/stm32l4xx_ll_usb.o

.debug_macro    0x0000000000000000    0x2b505
 .debug_macro   0x0000000000000000      0x223 Core/Src/main.o
 .debug_macro   0x0000000000000223      0xa5a Core/Src/main.o
 .debug_macro   0x0000000000000c7d       0xc0 Core/Src/main.o
 .debug_macro   0x0000000000000d3d       0x2e Core/Src/main.o
 .debug_macro   0x0000000000000d6b       0x28 Core/Src/main.o
 .debug_macro   0x0000000000000d93       0x22 Core/Src/main.o
 .debug_macro   0x0000000000000db5       0x8e Core/Src/main.o
 .debug_macro   0x0000000000000e43       0x51 Core/Src/main.o
 .debug_macro   0x0000000000000e94       0xef Core/Src/main.o
 .debug_macro   0x0000000000000f83       0x6a Core/Src/main.o
 .debug_macro   0x0000000000000fed      0x1df Core/Src/main.o
 .debug_macro   0x00000000000011cc       0x1c Core/Src/main.o
 .debug_macro   0x00000000000011e8       0x22 Core/Src/main.o
 .debug_macro   0x000000000000120a       0xdf Core/Src/main.o
 .debug_macro   0x00000000000012e9     0x102d Core/Src/main.o
 .debug_macro   0x0000000000002316      0x11f Core/Src/main.o
 .debug_macro   0x0000000000002435    0x1e312 Core/Src/main.o
 .debug_macro   0x0000000000020747       0x43 Core/Src/main.o
 .debug_macro   0x000000000002078a     0x3889 Core/Src/main.o
 .debug_macro   0x0000000000024013      0x174 Core/Src/main.o
 .debug_macro   0x0000000000024187       0x5c Core/Src/main.o
 .debug_macro   0x00000000000241e3     0x193a Core/Src/main.o
 .debug_macro   0x0000000000025b1d      0x853 Core/Src/main.o
 .debug_macro   0x0000000000026370      0x241 Core/Src/main.o
 .debug_macro   0x00000000000265b1      0x13d Core/Src/main.o
 .debug_macro   0x00000000000266ee      0x241 Core/Src/main.o
 .debug_macro   0x000000000002692f      0x486 Core/Src/main.o
 .debug_macro   0x0000000000026db5      0x1b4 Core/Src/main.o
 .debug_macro   0x0000000000026f69       0x43 Core/Src/main.o
 .debug_macro   0x0000000000026fac      0x23d Core/Src/main.o
 .debug_macro   0x00000000000271e9      0x416 Core/Src/main.o
 .debug_macro   0x00000000000275ff       0x1c Core/Src/main.o
 .debug_macro   0x000000000002761b       0xeb Core/Src/main.o
 .debug_macro   0x0000000000027706      0x22c Core/Src/main.o
 .debug_macro   0x0000000000027932       0x5e Core/Src/main.o
 .debug_macro   0x0000000000027990       0xa5 Core/Src/main.o
 .debug_macro   0x0000000000027a35      0x122 Core/Src/main.o
 .debug_macro   0x0000000000027b57      0x405 Core/Src/main.o
 .debug_macro   0x0000000000027f5c      0x662 Core/Src/main.o
 .debug_macro   0x00000000000285be       0xa6 Core/Src/main.o
 .debug_macro   0x0000000000028664      0x1ed Core/Src/main.o
 .debug_macro   0x0000000000028851       0xac Core/Src/main.o
 .debug_macro   0x00000000000288fd      0x44c Core/Src/main.o
 .debug_macro   0x0000000000028d49       0xb8 Core/Src/main.o
 .debug_macro   0x0000000000028e01       0x2e Core/Src/main.o
 .debug_macro   0x0000000000028e2f      0x220 Core/Src/oled.o
 .debug_macro   0x000000000002904f       0x28 Core/Src/oled.o
 .debug_macro   0x0000000000029077      0x210 Core/Src/stm32l4xx_hal_msp.o
 .debug_macro   0x0000000000029287      0x21a Core/Src/stm32l4xx_it.o
 .debug_macro   0x00000000000294a1      0x207 Core/Src/system_stm32l4xx.o
 .debug_macro   0x00000000000296a8      0x24f Drivers/STM32L4xx_HAL_Driver/Src/stm32l4xx_hal.o
 .debug_macro   0x00000000000298f7      0x201 Drivers/STM32L4xx_HAL_Driver/Src/stm32l4xx_hal_cortex.o
 .debug_macro   0x0000000000029af8      0x240 Drivers/STM32L4xx_HAL_Driver/Src/stm32l4xx_hal_gpio.o
 .debug_macro   0x0000000000029d38      0x2c6 Drivers/STM32L4xx_HAL_Driver/Src/stm32l4xx_hal_i2c.o
 .debug_macro   0x0000000000029ffe      0x201 Drivers/STM32L4xx_HAL_Driver/Src/stm32l4xx_hal_i2c_ex.o
 .debug_macro   0x000000000002a1ff      0x20d Drivers/STM32L4xx_HAL_Driver/Src/stm32l4xx_hal_pcd.o
 .debug_macro   0x000000000002a40c      0x201 Drivers/STM32L4xx_HAL_Driver/Src/stm32l4xx_hal_pcd_ex.o
 .debug_macro   0x000000000002a60d      0x219 Drivers/STM32L4xx_HAL_Driver/Src/stm32l4xx_hal_pwr.o
 .debug_macro   0x000000000002a826      0x22b Drivers/STM32L4xx_HAL_Driver/Src/stm32l4xx_hal_pwr_ex.o
 .debug_macro   0x000000000002aa51      0x243 Drivers/STM32L4xx_HAL_Driver/Src/stm32l4xx_hal_rcc.o
 .debug_macro   0x000000000002ac94      0x237 Drivers/STM32L4xx_HAL_Driver/Src/stm32l4xx_hal_rcc_ex.o
 .debug_macro   0x000000000002aecb      0x22c Drivers/STM32L4xx_HAL_Driver/Src/stm32l4xx_hal_uart.o
 .debug_macro   0x000000000002b0f7      0x20d Drivers/STM32L4xx_HAL_Driver/Src/stm32l4xx_hal_uart_ex.o
 .debug_macro   0x000000000002b304      0x201 Drivers/STM32L4xx_HAL_Driver/Src/stm32l4xx_ll_usb.o

.debug_line     0x0000000000000000     0xde1f
 .debug_line    0x0000000000000000      0x836 Core/Src/main.o
 .debug_line    0x0000000000000836      0x81c Core/Src/oled.o
 .debug_line    0x0000000000001052      0x7cc Core/Src/stm32l4xx_hal_msp.o
 .debug_line    0x000000000000181e      0x7c7 Core/Src/stm32l4xx_it.o
 .debug_line    0x0000000000001fe5      0x74e Core/Src/system_stm32l4xx.o
 .debug_line    0x0000000000002733       0x85 Core/Startup/startup_stm32l4p5zgtx.o
 .debug_line    0x00000000000027b8      0x9c1 Drivers/STM32L4xx_HAL_Driver/Src/stm32l4xx_hal.o
 .debug_line    0x0000000000003179      0xa4a Drivers/STM32L4xx_HAL_Driver/Src/stm32l4xx_hal_cortex.o
 .debug_line    0x0000000000003bc3      0x8f1 Drivers/STM32L4xx_HAL_Driver/Src/stm32l4xx_hal_gpio.o
 .debug_line    0x00000000000044b4     0x1b03 Drivers/STM32L4xx_HAL_Driver/Src/stm32l4xx_hal_i2c.o
 .debug_line    0x0000000000005fb7      0x867 Drivers/STM32L4xx_HAL_Driver/Src/stm32l4xx_hal_i2c_ex.o
 .debug_line    0x000000000000681e      0xc3e Drivers/STM32L4xx_HAL_Driver/Src/stm32l4xx_hal_pcd.o
 .debug_line    0x000000000000745c      0x80e Drivers/STM32L4xx_HAL_Driver/Src/stm32l4xx_hal_pcd_ex.o
 .debug_line    0x0000000000007c6a      0x85e Drivers/STM32L4xx_HAL_Driver/Src/stm32l4xx_hal_pwr.o
 .debug_line    0x00000000000084c8      0xb62 Drivers/STM32L4xx_HAL_Driver/Src/stm32l4xx_hal_pwr_ex.o
 .debug_line    0x000000000000902a      0xa84 Drivers/STM32L4xx_HAL_Driver/Src/stm32l4xx_hal_rcc.o
 .debug_line    0x0000000000009aae      0xeb1 Drivers/STM32L4xx_HAL_Driver/Src/stm32l4xx_hal_rcc_ex.o
 .debug_line    0x000000000000a95f     0x1d2f Drivers/STM32L4xx_HAL_Driver/Src/stm32l4xx_hal_uart.o
 .debug_line    0x000000000000c68e      0x992 Drivers/STM32L4xx_HAL_Driver/Src/stm32l4xx_hal_uart_ex.o
 .debug_line    0x000000000000d020      0xdff Drivers/STM32L4xx_HAL_Driver/Src/stm32l4xx_ll_usb.o

.debug_str      0x0000000000000000   0x1065e3
 .debug_str     0x0000000000000000   0x1019e3 Core/Src/main.o
                                     0x101de1 (size before relaxing)
 .debug_str     0x00000000001019e3      0x131 Core/Src/oled.o
                                     0x100fbf (size before relaxing)
 .debug_str     0x0000000000101b14       0xa4 Core/Src/stm32l4xx_hal_msp.o
                                     0x1018f2 (size before relaxing)
 .debug_str     0x0000000000101bb8       0xbd Core/Src/stm32l4xx_it.o
                                     0x100c1b (size before relaxing)
 .debug_str     0x0000000000101c75       0xcd Core/Src/system_stm32l4xx.o
                                     0x100ad1 (size before relaxing)
 .debug_str     0x0000000000101d42       0x36 Core/Startup/startup_stm32l4p5zgtx.o
                                         0x77 (size before relaxing)
 .debug_str     0x0000000000101d78      0xa24 Drivers/STM32L4xx_HAL_Driver/Src/stm32l4xx_hal.o
                                     0x1015f2 (size before relaxing)
 .debug_str     0x000000000010279c      0x392 Drivers/STM32L4xx_HAL_Driver/Src/stm32l4xx_hal_cortex.o
                                     0x101349 (size before relaxing)
 .debug_str     0x0000000000102b2e      0x236 Drivers/STM32L4xx_HAL_Driver/Src/stm32l4xx_hal_gpio.o
                                     0x100d51 (size before relaxing)
 .debug_str     0x0000000000102d64      0xd38 Drivers/STM32L4xx_HAL_Driver/Src/stm32l4xx_hal_i2c.o
                                     0x101cbe (size before relaxing)
 .debug_str     0x0000000000103a9c       0xb8 Drivers/STM32L4xx_HAL_Driver/Src/stm32l4xx_hal_i2c_ex.o
                                     0x1010db (size before relaxing)
 .debug_str     0x0000000000103b54      0x531 Drivers/STM32L4xx_HAL_Driver/Src/stm32l4xx_hal_pcd.o
                                     0x101216 (size before relaxing)
 .debug_str     0x0000000000104085      0x1b9 Drivers/STM32L4xx_HAL_Driver/Src/stm32l4xx_hal_pcd_ex.o
                                     0x100e8e (size before relaxing)
 .debug_str     0x000000000010423e      0x2fd Drivers/STM32L4xx_HAL_Driver/Src/stm32l4xx_hal_pwr.o
                                     0x100df4 (size before relaxing)
 .debug_str     0x000000000010453b      0x52d Drivers/STM32L4xx_HAL_Driver/Src/stm32l4xx_hal_pwr_ex.o
                                     0x1010c8 (size before relaxing)
 .debug_str     0x0000000000104a68      0x3da Drivers/STM32L4xx_HAL_Driver/Src/stm32l4xx_hal_rcc.o
                                     0x1010d1 (size before relaxing)
 .debug_str     0x0000000000104e42      0x59a Drivers/STM32L4xx_HAL_Driver/Src/stm32l4xx_hal_rcc_ex.o
                                     0x1014ac (size before relaxing)
 .debug_str     0x00000000001053dc      0x904 Drivers/STM32L4xx_HAL_Driver/Src/stm32l4xx_hal_uart.o
                                     0x101892 (size before relaxing)
 .debug_str     0x0000000000105ce0      0x28d Drivers/STM32L4xx_HAL_Driver/Src/stm32l4xx_hal_uart_ex.o
                                     0x10107f (size before relaxing)
 .debug_str     0x0000000000105f6d      0x676 Drivers/STM32L4xx_HAL_Driver/Src/stm32l4xx_ll_usb.o
                                     0x10137d (size before relaxing)

.comment        0x0000000000000000       0x7b
 .comment       0x0000000000000000       0x7b Core/Src/main.o
                                         0x7c (size before relaxing)
 .comment       0x000000000000007b       0x7c Core/Src/oled.o
 .comment       0x000000000000007b       0x7c Core/Src/stm32l4xx_hal_msp.o
 .comment       0x000000000000007b       0x7c Core/Src/stm32l4xx_it.o
 .comment       0x000000000000007b       0x7c Core/Src/system_stm32l4xx.o
 .comment       0x000000000000007b       0x7c Drivers/STM32L4xx_HAL_Driver/Src/stm32l4xx_hal.o
 .comment       0x000000000000007b       0x7c Drivers/STM32L4xx_HAL_Driver/Src/stm32l4xx_hal_cortex.o
 .comment       0x000000000000007b       0x7c Drivers/STM32L4xx_HAL_Driver/Src/stm32l4xx_hal_gpio.o
 .comment       0x000000000000007b       0x7c Drivers/STM32L4xx_HAL_Driver/Src/stm32l4xx_hal_i2c.o
 .comment       0x000000000000007b       0x7c Drivers/STM32L4xx_HAL_Driver/Src/stm32l4xx_hal_i2c_ex.o
 .comment       0x000000000000007b       0x7c Drivers/STM32L4xx_HAL_Driver/Src/stm32l4xx_hal_pcd.o
 .comment       0x000000000000007b       0x7c Drivers/STM32L4xx_HAL_Driver/Src/stm32l4xx_hal_pcd_ex.o
 .comment       0x000000000000007b       0x7c Drivers/STM32L4xx_HAL_Driver/Src/stm32l4xx_hal_pwr.o
 .comment       0x000000000000007b       0x7c Drivers/STM32L4xx_HAL_Driver/Src/stm32l4xx_hal_pwr_ex.o
 .comment       0x000000000000007b       0x7c Drivers/STM32L4xx_HAL_Driver/Src/stm32l4xx_hal_rcc.o
 .comment       0x000000000000007b       0x7c Drivers/STM32L4xx_HAL_Driver/Src/stm32l4xx_hal_rcc_ex.o
 .comment       0x000000000000007b       0x7c Drivers/STM32L4xx_HAL_Driver/Src/stm32l4xx_hal_uart.o
 .comment       0x000000000000007b       0x7c Drivers/STM32L4xx_HAL_Driver/Src/stm32l4xx_hal_uart_ex.o
 .comment       0x000000000000007b       0x7c Drivers/STM32L4xx_HAL_Driver/Src/stm32l4xx_ll_usb.o

.debug_frame    0x0000000000000000     0x457c
 .debug_frame   0x0000000000000000       0xec Core/Src/main.o
 .debug_frame   0x00000000000000ec       0xd8 Core/Src/oled.o
 .debug_frame   0x00000000000001c4      0x110 Core/Src/stm32l4xx_hal_msp.o
 .debug_frame   0x00000000000002d4      0x10c Core/Src/stm32l4xx_it.o
 .debug_frame   0x00000000000003e0       0x58 Core/Src/system_stm32l4xx.o
 .debug_frame   0x0000000000000438      0x498 Drivers/STM32L4xx_HAL_Driver/Src/stm32l4xx_hal.o
 .debug_frame   0x00000000000008d0      0x498 Drivers/STM32L4xx_HAL_Driver/Src/stm32l4xx_hal_cortex.o
 .debug_frame   0x0000000000000d68      0x14c Drivers/STM32L4xx_HAL_Driver/Src/stm32l4xx_hal_gpio.o
 .debug_frame   0x0000000000000eb4      0xbe8 Drivers/STM32L4xx_HAL_Driver/Src/stm32l4xx_hal_i2c.o
 .debug_frame   0x0000000000001a9c      0x100 Drivers/STM32L4xx_HAL_Driver/Src/stm32l4xx_hal_i2c_ex.o
 .debug_frame   0x0000000000001b9c      0x544 Drivers/STM32L4xx_HAL_Driver/Src/stm32l4xx_hal_pcd.o
 .debug_frame   0x00000000000020e0      0x174 Drivers/STM32L4xx_HAL_Driver/Src/stm32l4xx_hal_pcd_ex.o
 .debug_frame   0x0000000000002254      0x230 Drivers/STM32L4xx_HAL_Driver/Src/stm32l4xx_hal_pwr.o
 .debug_frame   0x0000000000002484      0x604 Drivers/STM32L4xx_HAL_Driver/Src/stm32l4xx_hal_pwr_ex.o
 .debug_frame   0x0000000000002a88      0x220 Drivers/STM32L4xx_HAL_Driver/Src/stm32l4xx_hal_rcc.o
 .debug_frame   0x0000000000002ca8      0x464 Drivers/STM32L4xx_HAL_Driver/Src/stm32l4xx_hal_rcc_ex.o
 .debug_frame   0x000000000000310c      0xa0c Drivers/STM32L4xx_HAL_Driver/Src/stm32l4xx_hal_uart.o
 .debug_frame   0x0000000000003b18      0x22c Drivers/STM32L4xx_HAL_Driver/Src/stm32l4xx_hal_uart_ex.o
 .debug_frame   0x0000000000003d44      0x78c Drivers/STM32L4xx_HAL_Driver/Src/stm32l4xx_ll_usb.o
 .debug_frame   0x00000000000044d0       0x2c c:/st/stm32cubeide_1.3.0/stm32cubeide/plugins/com.st.stm32cube.ide.mcu.externaltools.gnu-tools-for-stm32.7-2018-q2-update.win32_1.0.0.201904181610/tools/bin/../lib/gcc/arm-none-eabi/7.3.1/../../../../arm-none-eabi/lib/thumb/v7e-m/fpv4-sp/hard\libc_nano.a(lib_a-init.o)
 .debug_frame   0x00000000000044fc       0x20 c:/st/stm32cubeide_1.3.0/stm32cubeide/plugins/com.st.stm32cube.ide.mcu.externaltools.gnu-tools-for-stm32.7-2018-q2-update.win32_1.0.0.201904181610/tools/bin/../lib/gcc/arm-none-eabi/7.3.1/../../../../arm-none-eabi/lib/thumb/v7e-m/fpv4-sp/hard\libc_nano.a(lib_a-memset.o)
 .debug_frame   0x000000000000451c       0x2c c:/st/stm32cubeide_1.3.0/stm32cubeide/plugins/com.st.stm32cube.ide.mcu.externaltools.gnu-tools-for-stm32.7-2018-q2-update.win32_1.0.0.201904181610/tools/bin/../lib/gcc/arm-none-eabi/7.3.1/thumb/v7e-m/fpv4-sp/hard\libgcc.a(_aeabi_uldivmod.o)
 .debug_frame   0x0000000000004548       0x34 c:/st/stm32cubeide_1.3.0/stm32cubeide/plugins/com.st.stm32cube.ide.mcu.externaltools.gnu-tools-for-stm32.7-2018-q2-update.win32_1.0.0.201904181610/tools/bin/../lib/gcc/arm-none-eabi/7.3.1/thumb/v7e-m/fpv4-sp/hard\libgcc.a(_udivmoddi4.o)
